// Jest Snapshot v1, https://goo.gl/fbAQLP

exports[`App matches snapshot 1`] = `
Object {
  "asFragment": [Function],
  "baseElement": <body>
    <div>
      <div
        class="page"
        id="home"
      >
        <div
          class="self-portrait"
        >
          <div
            class="frame"
          >
            <div
              class="head"
            >
              <div
                class="hair"
              >
                <div
                  class="strand"
                />
                <div
                  class="strand"
                />
                <div
                  class="strand"
                />
                <div
                  class="strand"
                />
              </div>
              <div
                class="eyes"
              >
                <div
                  class="eye"
                >
                  <div
                    class="brow"
                  />
                  <div
                    class="white"
                    style="z-index: 0; top: 0px; left: 0px; opacity: 1; transform: scale(1);"
                  >
                    <div
                      class="iris"
                      style="transform: translate3d(calc(0px - 50%),calc(0px - 50%),0);"
                    >
                      <div
                        class="pupil"
                        style="transform: translate3d(calc(0px - 50%),calc(0px - 50%),0);"
                      />
                    </div>
                  </div>
                </div>
                <div
                  class="eye"
                >
                  <div
                    class="brow"
                  />
                  <div
                    class="white"
                    style="z-index: 0; top: 0px; left: 0px; opacity: 1; transform: scale(1);"
                  >
                    <div
                      class="iris"
                      style="transform: translate3d(calc(0px - 50%),calc(0px - 50%),0);"
                    >
                      <div
                        class="pupil"
                        style="transform: translate3d(calc(0px - 50%),calc(0px - 50%),0);"
                      />
                    </div>
                  </div>
                </div>
              </div>
              <div
                class="nose"
              />
              <div
                class="mouth"
                style="bottom: 10%; height: 10%; border-radius: 0% 0% 100% 100%;"
              >
                <div
                  class="teeth"
                />
                <div
                  class="tongue"
                />
              </div>
            </div>
            <div
              class="shirt"
            />
          </div>
        </div>
      </div>
    </div>
  </body>,
  "container": <div>
    <div
      class="page"
      id="home"
    >
      <div
        class="self-portrait"
      >
        <div
          class="frame"
        >
          <div
            class="head"
          >
            <div
              class="hair"
            >
              <div
                class="strand"
              />
              <div
                class="strand"
              />
              <div
                class="strand"
              />
              <div
                class="strand"
              />
            </div>
            <div
              class="eyes"
            >
              <div
                class="eye"
              >
                <div
                  class="brow"
                />
                <div
                  class="white"
                  style="z-index: 0; top: 0px; left: 0px; opacity: 1; transform: scale(1);"
                >
                  <div
                    class="iris"
                    style="transform: translate3d(calc(0px - 50%),calc(0px - 50%),0);"
                  >
                    <div
                      class="pupil"
                      style="transform: translate3d(calc(0px - 50%),calc(0px - 50%),0);"
                    />
                  </div>
                </div>
              </div>
              <div
                class="eye"
              >
                <div
                  class="brow"
                />
                <div
                  class="white"
                  style="z-index: 0; top: 0px; left: 0px; opacity: 1; transform: scale(1);"
                >
                  <div
                    class="iris"
                    style="transform: translate3d(calc(0px - 50%),calc(0px - 50%),0);"
                  >
                    <div
                      class="pupil"
                      style="transform: translate3d(calc(0px - 50%),calc(0px - 50%),0);"
                    />
                  </div>
                </div>
              </div>
            </div>
            <div
              class="nose"
            />
            <div
              class="mouth"
              style="bottom: 10%; height: 10%; border-radius: 0% 0% 100% 100%;"
            >
              <div
                class="teeth"
              />
              <div
                class="tongue"
              />
            </div>
          </div>
          <div
            class="shirt"
          />
        </div>
      </div>
    </div>
  </div>,
  "debug": [Function],
  "findAllByAltText": [Function],
  "findAllByDisplayValue": [Function],
  "findAllByLabelText": [Function],
  "findAllByPlaceholderText": [Function],
  "findAllByRole": [Function],
  "findAllByTestId": [Function],
  "findAllByText": [Function],
  "findAllByTitle": [Function],
  "findByAltText": [Function],
  "findByDisplayValue": [Function],
  "findByLabelText": [Function],
  "findByPlaceholderText": [Function],
  "findByRole": [Function],
  "findByTestId": [Function],
  "findByText": [Function],
  "findByTitle": [Function],
  "getAllByAltText": [Function],
  "getAllByDisplayValue": [Function],
  "getAllByLabelText": [Function],
  "getAllByPlaceholderText": [Function],
  "getAllByRole": [Function],
  "getAllByTestId": [Function],
  "getAllByText": [Function],
  "getAllByTitle": [Function],
  "getByAltText": [Function],
  "getByDisplayValue": [Function],
  "getByLabelText": [Function],
  "getByPlaceholderText": [Function],
  "getByRole": [Function],
  "getByTestId": [Function],
  "getByText": [Function],
  "getByTitle": [Function],
  "queryAllByAltText": [Function],
  "queryAllByDisplayValue": [Function],
  "queryAllByLabelText": [Function],
  "queryAllByPlaceholderText": [Function],
  "queryAllByRole": [Function],
  "queryAllByTestId": [Function],
  "queryAllByText": [Function],
  "queryAllByTitle": [Function],
  "queryByAltText": [Function],
  "queryByDisplayValue": [Function],
  "queryByLabelText": [Function],
  "queryByPlaceholderText": [Function],
  "queryByRole": [Function],
  "queryByTestId": [Function],
  "queryByText": [Function],
  "queryByTitle": [Function],
  "rerender": [Function],
  "unmount": [Function],
}
`;
